// Jest Snapshot v1, https://goo.gl/fbAQLP

exports[`defaultActionConfigs matches expected shape 1`] = `
{
  "copy": {
    "actionListItem": {
      "disable": [Function],
      "hide": [Function],
      "icon": "download",
      "label": "Copy Files",
    },
    "componentName": "CopyView",
    "handler": [Function],
  },
  "createFolder": {
    "actionListItem": {
      "disable": [Function],
      "hide": [Function],
      "icon": "create-folder",
      "label": "Create Folder",
    },
    "componentName": "CreateFolderView",
    "handler": [Function],
  },
  "delete": {
    "actionListItem": {
      "disable": [Function],
      "hide": [Function],
      "icon": "delete-file",
      "label": "Delete Files",
    },
    "componentName": "DeleteView",
    "handler": [Function],
  },
  "listLocationItems": {
    "componentName": "LocationDetailView",
    "handler": [Function],
  },
  "listLocations": {
    "componentName": "LocationsView",
    "handler": [Function],
  },
  "upload": {
    "actionListItem": {
      "disable": [Function],
      "fileSelection": "FILE",
      "hide": [Function],
      "icon": "upload-file",
      "label": "Upload",
    },
    "componentName": "UploadView",
    "handler": [Function],
  },
}
`;
